**********************
Windows PowerShell transcript start
Start time: 20260907154207
Username: DESKTOP-PVDVQ84\WELCOME
RunAs User: DESKTOP-PVDVQ84\WELCOME
Configuration Name: 
Machine: DESKTOP-PVDVQ84 (Microsoft Windows NT 10.0.19045.0)
Host Application: C:\Windows\System32\WindowsPowerShell\v1.0\powershell.exe -NoProfile -ExecutionPolicy Bypass -File C:\IEPDF\scripts\Test-MergePdfRegression.ps1
Process ID: 36752
PSVersion: 5.1.19041.6456
PSEdition: Desktop
PSCompatibleVersions: 1.0, 2.0, 3.0, 4.0, 5.0, 5.1.19041.6456
BuildVersion: 10.0.19041.6456
CLRVersion: 4.0.30319.42000
WSManStackVersion: 3.0
PSRemotingProtocolVersion: 2.3
SerializationVersion: 1.1.0.1
**********************

==================================================
 iePDF Merge PDF Regression Test
==================================================

PASS  PRE-01 - Required project files
PASS  SRC-01 - Merge source UX and notification checks
PASS  VAL-01 - 15 MiB validation limit
PASS  VAL-02 - Exactly 15 MiB boundary

Running pnpm build...
$ node .\node_modules\next\dist\bin\next build
▲ Next.js 16.2.9 (Turbopack)

  Creating an optimized production build ...
✓ Compiled successfully in 9.1s
✓ Finished TypeScript in 6.3s
✓ Collecting page data using 3 workers in 857ms
Workspace Files: []
Show Workspace: false
✓ Generating static pages using 3 workers (9/9) in 476ms
✓ Finalizing page optimization in 12ms

Route (app)
┌ ○ /
├ ○ /_not-found
├ ○ /compress-pdf
├ ○ /jpg-to-pdf
├ ○ /merge-pdf
├ ○ /pdf-to-jpg
└ ○ /split-pdf


○  (Static)  prerendered as static content
PASS  M-10 - Production build
PASS  ENV-01 - Node.js / pnpm available
      Node v24.18.0, pnpm 11.24.0
PASS  BROWSER - Playwright + installed Chrome
      Browser automation environment ready.
PASS  TEST-DATA - Merge browser test files
PASS  SERVER - Merge PDF page reachable
      HTTP 200
FAIL  M-01 - 2 valid PDFs -> merge/download/toast
      Merge button not found.
PASS  M-02 - 3 valid PDFs -> merge/download/toast
      Download and success toast verified.
FAIL  M-04 - Password PDF + correct password -> merge/download
      locator.fill: Timeout 30000ms exceeded.
FAIL  M-05 - Password PDF + wrong password -> blocked
      locator.fill: Timeout 30000ms exceeded.
PASS  M-06 - Oversized PDF -> blocked
      15 MiB limit enforced; oversized PDF was not accepted.
FAIL  M-03 - Corrupted PDF -> blocked
      locator.isEnabled: Timeout 30000ms exceeded.

==================================================
 FINAL RESULT
==================================================
PASS    : 11
FAIL    : 4
SKIPPED : 0

Report : C:\IEPDF\frontend\_regression\merge-pdf\merge-regression-report.txt
Log    : C:\IEPDF\frontend\_regression\merge-pdf\logs\merge-regression-20260907-154207.log

**********************
Windows PowerShell transcript end
End time: 20260907154414
**********************
