**********************
Windows PowerShell transcript start
Start time: 20260923141327
Username: DESKTOP-PVDVQ84\WELCOME
RunAs User: DESKTOP-PVDVQ84\WELCOME
Configuration Name: 
Machine: DESKTOP-PVDVQ84 (Microsoft Windows NT 10.0.19045.0)
Host Application: C:\Windows\System32\WindowsPowerShell\v1.0\powershell.exe -NoProfile -ExecutionPolicy Bypass -File C:\IEPDF\scripts\Test-MergePdfRegression.ps1
Process ID: 1820
PSVersion: 5.1.19041.6456
PSEdition: Desktop
PSCompatibleVersions: 1.0, 2.0, 3.0, 4.0, 5.0, 5.1.19041.6456
BuildVersion: 10.0.19041.6456
CLRVersion: 4.0.30319.42000
WSManStackVersion: 3.0
PSRemotingProtocolVersion: 2.3
SerializationVersion: 1.1.0.1
**********************

==================================================
 iePDF Merge PDF Regression Test
==================================================

PASS  PRE-01 - Required project files
PASS  SRC-01 - Merge source UX and notification checks
PASS  VAL-01 - 15 MiB validation limit
PASS  VAL-02 - Exactly 15 MiB boundary

Running pnpm build...

> frontend@0.1.0 build C:\IEPDF\frontend
> node .\node_modules\next\dist\bin\next build

▲ Next.js 16.3.4 (Turbopack)
✓ Running next.config.ts took 309ms

  Creating an optimized production build ...
✓ Compiled successfully in 14.7s
✓ Finished TypeScript in 4.2s
✓ Collecting page data using 3 workers in 1490ms
✓ Generating static pages using 3 workers (20/20) in 717ms
✓ Finalizing page optimization in 11ms

Route (app)
┌ ○ /
├ ○ /_not-found
├ ○ /compress-pdf
├ ○ /jpg-to-pdf
├ ○ /merge-pdf
├ ○ /pdf-to-jpg
├ ○ /pdfium-bc06
├ ○ /pdfium-bc07
├ ○ /pdfium-bc08
├ ○ /pdfium-bc09
├ ○ /pdfium-bc10
├ ○ /pdfium-c21
├ ○ /pdfium-c22
├ ○ /pdfium-c23
├ ○ /pdfium-c29
├ ○ /pdfium-poc
├ ○ /pdfium-save-poc
└ ○ /split-pdf


○  (Static)  prerendered as static content
PASS  M-10 - Production build
PASS  ENV-01 - Node.js / pnpm available
      Node v24.18.0, pnpm 10.28.0
PASS  BROWSER - Playwright + installed Chrome
      Browser automation environment ready.
PASS  TEST-DATA - Merge browser test files
PS>TerminatingError(Invoke-WebRequest): "Unable to connect to the remote server"
FAIL  SERVER - Merge PDF page reachable
      Unable to connect to the remote server
FAIL  M-01 - 2 valid PDFs -> merge/download/toast
      page.goto: net::ERR_CONNECTION_REFUSED at http://127.0.0.1:3000/merge-pdf
FAIL  M-02 - 3 valid PDFs -> merge/download/toast
      page.goto: net::ERR_CONNECTION_REFUSED at http://127.0.0.1:3000/merge-pdf
FAIL  M-04 - Password PDF + correct password -> merge/download
      page.goto: net::ERR_CONNECTION_REFUSED at http://127.0.0.1:3000/merge-pdf
FAIL  M-05 - Password PDF + wrong password -> blocked
      page.goto: net::ERR_CONNECTION_REFUSED at http://127.0.0.1:3000/merge-pdf
FAIL  M-06 - Oversized PDF -> blocked
      page.goto: net::ERR_CONNECTION_REFUSED at http://127.0.0.1:3000/merge-pdf
FAIL  M-03 - Corrupted PDF -> blocked
      page.goto: net::ERR_CONNECTION_REFUSED at http://127.0.0.1:3000/merge-pdf
FAIL  M-07 - Exact 15 MiB PDF -> accepted
      page.goto: net::ERR_CONNECTION_REFUSED at http://127.0.0.1:3000/merge-pdf
FAIL  M-08 - Successful browser merge -> output + toast
      page.goto: net::ERR_CONNECTION_REFUSED at http://127.0.0.1:3000/merge-pdf
FAIL  M-09 - Merge button state matrix
      page.goto: net::ERR_CONNECTION_REFUSED at http://127.0.0.1:3000/merge-pdf

==================================================
 FINAL RESULT
==================================================
PASS    : 8
FAIL    : 10
SKIPPED : 0

Report : C:\IEPDF\frontend\_regression\merge-pdf\merge-regression-report.txt
Log    : C:\IEPDF\frontend\_regression\merge-pdf\logs\merge-regression-20260923-141327.log

**********************
Windows PowerShell transcript end
End time: 20260923141407
**********************
