**********************
Windows PowerShell transcript start
Start time: 20260906184721
Username: DESKTOP-PVDVQ84\WELCOME
RunAs User: DESKTOP-PVDVQ84\WELCOME
Configuration Name: 
Machine: DESKTOP-PVDVQ84 (Microsoft Windows NT 10.0.19045.0)
Host Application: C:\Windows\System32\WindowsPowerShell\v1.0\powershell.exe -NoProfile -ExecutionPolicy Bypass -File C:\IEPDF\scripts\Test-MergePdfRegression.ps1
Process ID: 12452
PSVersion: 5.1.19041.6456
PSEdition: Desktop
PSCompatibleVersions: 1.0, 2.0, 3.0, 4.0, 5.0, 5.1.19041.6456
BuildVersion: 10.0.19041.6456
CLRVersion: 4.0.30319.42000
WSManStackVersion: 3.0
PSRemotingProtocolVersion: 2.3
SerializationVersion: 1.1.0.1
**********************

==================================================
 iePDF Merge PDF Regression Test
==================================================

PASS  PRE-01 - Required project files
FAIL  M-09 - Merge source UX and notification checks
      console.error found
PASS  M-06 - 15 MiB validation limit
PASS  M-07 - Exactly 15 MiB boundary

Running pnpm build...
$ node .\node_modules\next\dist\bin\next build
▲ Next.js 16.2.9 (Turbopack)

  Creating an optimized production build ...
✓ Compiled successfully in 7.7s
✓ Finished TypeScript in 5.8s
✓ Collecting page data using 3 workers in 797ms
Workspace Files: []
Show Workspace: false
✓ Generating static pages using 3 workers (9/9) in 405ms
✓ Finalizing page optimization in 12ms

Route (app)
┌ ○ /
├ ○ /_not-found
├ ○ /compress-pdf
├ ○ /jpg-to-pdf
├ ○ /merge-pdf
├ ○ /pdf-to-jpg
└ ○ /split-pdf


○  (Static)  prerendered as static content
PASS  M-10 - Production build
PASS  ENV-01 - Node.js / pnpm available
      Node v24.18.0, pnpm 11.24.0
SKIP  BROWSER - Playwright available
      Playwright is not installed.
PS>TerminatingError(): "Error formatting a string: Index (zero based) must be greater than or equal to zero and less than the size of the argument list.."
Error formatting a string: Index (zero based) must be greater than or equal to zero and less than the size of the argument list..
Error formatting a string: Index (zero based) must be greater than or equal to zero and less than the size of the argument list..
At C:\IEPDF\scripts\Test-MergePdfRegression.ps1:232 char:5
+     [void]$report.AppendLine(
+     ~~~~~~~~~~~~~~~~~~~~~~~~~
    + CategoryInfo          : InvalidOperation: ({0,-10} {1,-8} {2}:String) [], ParentContainsErrorRecordException
    + FullyQualifiedErrorId : FormatError

**********************
Windows PowerShell transcript end
End time: 20260906184739
**********************
