[2026-09-09 11:14:10] ===== iePDF Split PDF Enterprise Regression START =====
[2026-09-09 11:14:10] Parameters | MaxBytes=15728640 SelectionTimeout=15s OperationTimeout=45s BuildTimeout=300s
[2026-09-09 11:14:10] TEST-DATA S-01 S-01-1page.pdf bytes=593
[2026-09-09 11:14:10] TEST-DATA S-02 S-02-2pages.pdf bytes=858
[2026-09-09 11:14:10] TEST-DATA S-03 S-03-5pages.pdf bytes=1668
[2026-09-09 11:14:10] TEST-DATA S-04 S-04-10pages.pdf bytes=3020
[2026-09-09 11:14:10] TEST-DATA S-05 S-05-mixed-pages.pdf bytes=1456
[2026-09-09 11:14:10] TEST-DATA S-06 S-06-corrupted.pdf bytes=62
[2026-09-09 11:14:10] TEST-DATA S-07 S-07-zero-byte.pdf bytes=0
[2026-09-09 11:14:10] TEST-DATA S-08 S-08-renamed-nonpdf.pdf bytes=45
[2026-09-09 11:14:10] TEST-DATA S-09 S-09-protected.pdf bytes=1344
[2026-09-09 11:14:10] TEST-DATA S-10 S-10-under-15MiB.pdf bytes=15728639
[2026-09-09 11:14:10] TEST-DATA S-11 S-11-exact-15MiB.pdf bytes=15728640
[2026-09-09 11:14:10] TEST-DATA S-12 S-12-over-15MiB.pdf bytes=15728641
[2026-09-09 11:14:10] PASS TEST-DATA : All 12 Split regression files exist and boundary sizes match 15728640 bytes.
[2026-09-09 11:14:10] PASS SRC-01 : Split page wires SplitPdfProcessor and toolType split.
[2026-09-09 11:14:10] PASS SRC-02 : Split page has success/error toast handling and loading state.
[2026-09-09 11:14:10] PASS SRC-03 : Processor creates per-page PDFs and split_pages.zip.
[2026-09-09 11:14:10] PASS SRC-04 : Browser PDF loader contains signature and password handling.
[2026-09-09 11:14:10] PASS SRC-05 : BasePdfProcessor uses the canonical ValidationGateway authorization boundary.
[2026-09-09 11:14:10] PASS SRC-06 : ValidationGateway retains fail-closed authorization semantics.
[2026-09-09 11:14:10] SKIPPED SRC-07 : Authoritative MAX_FILE_SIZE_BYTES constant not detectable. [source check non-blocking]
[2026-09-09 11:14:10] PASS SRC-08 : Split page has no direct console.warn/console.error user-failure logging.
[2026-09-09 11:14:10] PASS SRC-09 : Split processor does not introduce a second direct Gateway call.
[2026-09-09 11:14:21] PASS BUILD : Frontend production build passed.
[2026-09-09 11:14:21] PASS ENV-01 : Frontend /split-pdf is reachable.
[2026-09-09 11:14:23] SKIPPED ENV-02 : Backend /docs is not required by Split browser processing.
[2026-09-09 11:14:23] PASS ENV-03 : Chrome executable found at C:\Program Files\Google\Chrome\Application\chrome.exe.
[2026-09-09 11:14:23] PASS ENV-04 : Playwright package is installed.
[2026-09-09 11:16:24] FAIL S-01 : EXCEPTION: locator.setInputFiles: Timeout 30000ms exceeded.
Call log:
[2m  - waiting for locator('input[type="file"]').first()[22m

    at async splitAndDownload (C:\IEPDF\frontend\_regression\split-pdf\_split-browser-runner-enterprise.js:102:3)
    at async C:\IEPDF\frontend\_regression\split-pdf\_split-browser-runner-enterprise.js:151:15
    at async caseRun (C:\IEPDF\frontend\_regression\split-pdf\_split-browser-runner-enterprise.js:83:19)
    at async run (C:\IEPDF\frontend\_regression\split-pdf\_split-browser-runner-enterprise.js:150:14) pageErrors=1 consoleDiagnostics=2
[2026-09-09 11:16:24] FAIL S-02 : No Split button after selecting S-02. body=iePDF Merge PDF Split PDF Compress PDF Split PDF Split a PDF into separate PDF files securely and instantly. Select PDF consoleDiagnostics=1
[2026-09-09 11:16:24] FAIL S-03 : No Split button after selecting S-03. body=iePDF Merge PDF Split PDF Compress PDF Split PDF Split a PDF into separate PDF files securely and instantly. Select PDF consoleDiagnostics=1
[2026-09-09 11:16:24] FAIL S-04 : EXCEPTION: locator.setInputFiles: Timeout 30000ms exceeded.
Call log:
[2m  - waiting for locator('input[type="file"]').first()[22m

    at async splitAndDownload (C:\IEPDF\frontend\_regression\split-pdf\_split-browser-runner-enterprise.js:102:3)
    at async C:\IEPDF\frontend\_regression\split-pdf\_split-browser-runner-enterprise.js:157:17
    at async caseRun (C:\IEPDF\frontend\_regression\split-pdf\_split-browser-runner-enterprise.js:83:19)
    at async run (C:\IEPDF\frontend\_regression\split-pdf\_split-browser-runner-enterprise.js:156:16) pageErrors=1 consoleDiagnostics=2
[2026-09-09 11:16:24] FAIL S-05 : No Split button after selecting S-05. body=iePDF Merge PDF Split PDF Compress PDF Split PDF Split a PDF into separate PDF files securely and instantly. Select PDF consoleDiagnostics=1
[2026-09-09 11:16:24] PASS S-06 : Invalid input blocked before Split action. consoleDiagnostics=1
[2026-09-09 11:16:24] PASS S-07 : Invalid input blocked before Split action. pageErrors=1 consoleDiagnostics=2
[2026-09-09 11:16:24] PASS S-08 : Invalid input blocked before Split action. consoleDiagnostics=1
[2026-09-09 11:16:24] PASS S-09 : buttonCount=0,passwordHint=false,noDownload=true. pageErrors=1 consoleDiagnostics=2
[2026-09-09 11:16:25] FAIL S-10 : Boundary input rejected before Split action. consoleDiagnostics=1
[2026-09-09 11:16:25] FAIL S-11 : Boundary input rejected before Split action. pageErrors=1 consoleDiagnostics=2
[2026-09-09 11:16:25] PASS S-12 : Above-limit input correctly blocked. consoleDiagnostics=1
[2026-09-09 11:16:25] FAIL S-20 : workspaceBefore=0,workspaceAfter=0,download=false. consoleDiagnostics=1
[2026-09-09 11:16:25] FAIL S-22 : download=false,successToast=false. consoleDiagnostics=1
[2026-09-09 11:16:25] FAIL S-23 : downloaded=false,filename=. consoleDiagnostics=1
[2026-09-09 11:16:25] FAIL S-24 : EXCEPTION: locator.click: Timeout 30000ms exceeded.
Call log:
[2m  - waiting for getByRole('button', { name: /^Split PDF$/ }).first()[22m

    at C:\IEPDF\frontend\_regression\split-pdf\_split-browser-runner-enterprise.js:229:20
    at async caseRun (C:\IEPDF\frontend\_regression\split-pdf\_split-browser-runner-enterprise.js:83:19)
    at async run (C:\IEPDF\frontend\_regression\split-pdf\_split-browser-runner-enterprise.js:223:14) consoleDiagnostics=1
[2026-09-09 11:16:25] PASS S-25 : splitButtonCount=0 without selected file. consoleDiagnostics=1
[2026-09-09 11:16:25] FAIL S-27 : S-01:button-missing consoleDiagnostics=1
[2026-09-09 11:16:25] FAIL DIAG-01 : S-01: page errors: Failed to load chunk /_next/static/chunks/0-6g96g_6svhm.js from module 11555 || S-01: console error: Failed to load resource: the server responded with a status of 500 (Internal Server Error) || S-01: console error: Failed to load resource: the server responded with a status of 500 (Internal Server Error) || S-02: console error: Failed to load resource: the server responded with a status of 500 (Internal Server Error) || S-03: console error: Failed to load resource: the server responded with a status of 500 (Internal Server Error) || S-04: page errors: Failed to load chunk /_next/static/chunks/0-6g96g_6svhm.js from module 11555 || S-04: console error: Failed to load resource: the server responded with a status of 500 (Internal Server Error) || S-04: console error: Failed to load resource: the server responded with a status of 500 (Internal Server Error) || S-05: console error: Failed to load resource: the server responded with a status of 500 (Internal Server Error) || S-06: console error: Failed to load resource: the server responded with a status of 500 (Internal Server Error) || S-07: page errors: Failed to load chunk /_next/static/chunks/0-6g96g_6svhm.js from module 11555 || S-07: console error: Failed to load resource: the server responded with a status of 500 (Internal Server Error) || S-07: console error: Failed to load resource: the server responded with a status of 500 (Internal Server Error) || S-08: console error: Failed to load resource: the server responded with a status of 500 (Internal Server Error) || S-09: page errors: Failed to load chunk /_next/static/chunks/0-6g96g_6svhm.js from module 11555 || S-09: console error: Failed to load resource: the server responded with a status of 500 (Internal Server Error) || S-09: console error: Failed to load resource: the server responded with a status of 500 (Internal Server Error) || S-10: console error: Failed to load resource: the server responded with a status of 500 (Internal Server Error) || S-11: page errors: Failed to load chunk /_next/static/chunks/0-6g96g_6svhm.js from module 11555 || S-11: console error: Failed to load resource: the server responded with a status of 500 (Internal Server Error) || S-11: console error: Failed to load resource: the server responded with a status of 500 (Internal Server Error) || S-12: console error: Failed to load resource: the server responded with a status of 500 (Internal Server Error) || S-20: console error: Failed to load resource: the server responded with a status of 500 (Internal Server Error) || S-22: console error: Failed to load resource: the server responded with a status of 500 (Internal Server Error) || S-23: console error: Failed to load resource: the server responded with a status of 500 (Internal Server Error) || S-24: console error: Failed to load resource: the server responded with a status of 500 (Internal Server Error) || S-25: console error: Failed to load resource: the server responded with a status of 500 (Internal Server Error) || S-27: console error: Failed to load resource: the server responded with a status of 500 (Internal Server Error)
[2026-09-09 11:16:25] PASS BROWSER : Enterprise browser regression completed; individual case results recorded above.
[2026-09-09 11:16:25] FAIL ART-00 : No Split ZIP artifacts were produced for artifact validation.
[2026-09-09 11:16:25] FAIL PERF-S02 : S-02 operation timing was not captured.
[2026-09-09 11:16:25] FAIL PERF-S03 : S-03 operation timing was not captured.
[2026-09-09 11:16:25] FINAL RESULT | PASS=20 FAIL=16 SKIPPED=2
[2026-09-09 11:16:25] Report: C:\IEPDF\frontend\_regression\split-pdf\split-regression-enterprise-report.txt
[2026-09-09 11:16:25] Log: C:\IEPDF\frontend\_regression\split-pdf\logs\split-regression-enterprise-20260909-111410.log
[2026-09-09 11:16:25] Browser results: C:\IEPDF\frontend\_regression\split-pdf\browser-results-20260909-111410.json
[2026-09-09 11:16:25] ===== iePDF Split PDF Enterprise Regression END =====
