[2026-09-24 12:09:11] ===== iePDF Split PDF Enterprise Regression START =====
[2026-09-24 12:09:11] Parameters | MaxBytes=15728640 SelectionTimeout=15s OperationTimeout=45s BuildTimeout=300s
[2026-09-24 12:09:11] TEST-DATA S-01 S-01-1page.pdf bytes=593
[2026-09-24 12:09:11] TEST-DATA S-02 S-02-2pages.pdf bytes=858
[2026-09-24 12:09:11] TEST-DATA S-03 S-03-5pages.pdf bytes=1668
[2026-09-24 12:09:11] TEST-DATA S-04 S-04-10pages.pdf bytes=3020
[2026-09-24 12:09:11] TEST-DATA S-05 S-05-mixed-pages.pdf bytes=1456
[2026-09-24 12:09:11] TEST-DATA S-06 S-06-corrupted.pdf bytes=62
[2026-09-24 12:09:11] TEST-DATA S-07 S-07-zero-byte.pdf bytes=0
[2026-09-24 12:09:11] TEST-DATA S-08 S-08-renamed-nonpdf.pdf bytes=45
[2026-09-24 12:09:11] TEST-DATA S-09 S-09-protected.pdf bytes=1344
[2026-09-24 12:09:11] TEST-DATA S-10 S-10-under-15MiB.pdf bytes=15728639
[2026-09-24 12:09:11] TEST-DATA S-11 S-11-exact-15MiB.pdf bytes=15728640
[2026-09-24 12:09:11] TEST-DATA S-12 S-12-over-15MiB.pdf bytes=15728641
[2026-09-24 12:09:11] PASS TEST-DATA : All 12 Split regression files exist and boundary sizes match 15728640 bytes.
[2026-09-24 12:09:11] PASS SRC-01 : Split page wires SplitPdfProcessor and toolType split.
[2026-09-24 12:09:11] SKIPPED SRC-02 : Split page toast/loading contract incomplete. [source check non-blocking]
[2026-09-24 12:09:11] PASS SRC-03 : Processor creates per-page PDFs and split_pages.zip.
[2026-09-24 12:09:11] PASS SRC-04 : Browser PDF loader contains signature and password handling.
[2026-09-24 12:09:11] PASS SRC-05 : BasePdfProcessor uses the canonical ValidationGateway authorization boundary.
[2026-09-24 12:09:11] PASS SRC-06 : ValidationGateway retains fail-closed authorization semantics.
[2026-09-24 12:09:11] PASS SRC-07 : Authoritative 15 MiB validation constant exists.
[2026-09-24 12:09:11] PASS SRC-08 : Split page has no direct console.warn/console.error user-failure logging.
[2026-09-24 12:09:11] PASS SRC-09 : Split processor does not introduce a second direct Gateway call.
[2026-09-24 12:09:25] PASS BUILD : Frontend production build passed.
[2026-09-24 12:09:25] PASS ENV-01 : Frontend /split-pdf is reachable.
[2026-09-24 12:09:25] PASS ENV-02 : Backend /docs not required; Split is fully browser-side.
[2026-09-24 12:09:25] PASS ENV-03 : Chrome executable found at C:\Program Files\Google\Chrome\Application\chrome.exe.
[2026-09-24 12:09:25] PASS ENV-04 : Playwright package is installed.
[2026-09-24 16:47:51] FAIL S-01 : EXCEPTION: locator.click: Timeout 30000ms exceeded.
Call log:
[2m  - waiting for getByRole('button', { name: /^Split PDF$/ }).first()[22m
[2m    - locator resolved to <button disabled type="button" class="w-full rounded-lg bg-red-600 px-4 py-2.5 text-sm font-bold text-white shadow-sm transition hover:bg-red-700 disabled:cursor-not-allowed disabled:bg-slate-300 disabled:text-slate-500 disabled:shadow-none">Split PDF</button>[22m
[2m  - attempting click action[22m
[2m    2 ├ù waiting for element to be visible, enabled and stable[22m
[2m      - element is not enabled[22m
[2m    - retrying click action[22m
[2m    - waiting 20ms[22m
[2m    2 ├ù waiting for element to be visible, enabled and stable[22m
[2m      - element is not enabled[22m
[2m    - retrying click action[22m
[2m      - waiting 100ms[22m
[2m    58 ├ù waiting for element to be visible, enabled and stable[22m
[2m       - element is not enabled[22m
[2m     - retrying click action[22m
[2m       - waiting 500ms[22m

    at splitAndDownload (C:\IEPDF\frontend\_regression\split-pdf\_split-browser-runner-enterprise.js:111:16)
    at async C:\IEPDF\frontend\_regression\split-pdf\_split-browser-runner-enterprise.js:151:15
    at async caseRun (C:\IEPDF\frontend\_regression\split-pdf\_split-browser-runner-enterprise.js:83:19)
    at async run (C:\IEPDF\frontend\_regression\split-pdf\_split-browser-runner-enterprise.js:150:14) consoleDiagnostics=4
[2026-09-24 16:47:51] PASS S-02 : Download received: split_pages.zip. consoleDiagnostics=15
[2026-09-24 16:47:51] PASS S-03 : Download received: split_pages.zip. consoleDiagnostics=15
[2026-09-24 16:47:51] PASS S-04 : Download received: split_pages.zip. consoleDiagnostics=15
[2026-09-24 16:47:51] PASS S-05 : Download received: split_pages.zip. consoleDiagnostics=15
[2026-09-24 16:47:51] FAIL S-06 : EXCEPTION: locator.click: Timeout 30000ms exceeded.
Call log:
[2m  - waiting for getByRole('button', { name: /^Split PDF$/ }).first()[22m
[2m    - locator resolved to <button disabled type="button" class="w-full rounded-lg bg-red-600 px-4 py-2.5 text-sm font-bold text-white shadow-sm transition hover:bg-red-700 disabled:cursor-not-allowed disabled:bg-slate-300 disabled:text-slate-500 disabled:shadow-none">Split PDF</button>[22m
[2m  - attempting click action[22m
[2m    2 ├ù waiting for element to be visible, enabled and stable[22m
[2m      - element is not enabled[22m
[2m    - retrying click action[22m
[2m    - waiting 20ms[22m
[2m    2 ├ù waiting for element to be visible, enabled and stable[22m
[2m      - element is not enabled[22m
[2m    - retrying click action[22m
[2m      - waiting 100ms[22m
[2m    57 ├ù waiting for element to be visible, enabled and stable[22m
[2m       - element is not enabled[22m
[2m     - retrying click action[22m
[2m       - waiting 500ms[22m

    at negativeCase (C:\IEPDF\frontend\_regression\split-pdf\_split-browser-runner-enterprise.js:134:63)
    at async caseRun (C:\IEPDF\frontend\_regression\split-pdf\_split-browser-runner-enterprise.js:83:19)
    at async run (C:\IEPDF\frontend\_regression\split-pdf\_split-browser-runner-enterprise.js:168:16) consoleDiagnostics=2
[2026-09-24 16:47:51] FAIL S-07 : EXCEPTION: locator.click: Timeout 30000ms exceeded.
Call log:
[2m  - waiting for getByRole('button', { name: /^Split PDF$/ }).first()[22m
[2m    - locator resolved to <button disabled type="button" class="w-full rounded-lg bg-red-600 px-4 py-2.5 text-sm font-bold text-white shadow-sm transition hover:bg-red-700 disabled:cursor-not-allowed disabled:bg-slate-300 disabled:text-slate-500 disabled:shadow-none">Split PDF</button>[22m
[2m  - attempting click action[22m
[2m    2 ├ù waiting for element to be visible, enabled and stable[22m
[2m      - element is not enabled[22m
[2m    - retrying click action[22m
[2m    - waiting 20ms[22m
[2m    2 ├ù waiting for element to be visible, enabled and stable[22m
[2m      - element is not enabled[22m
[2m    - retrying click action[22m
[2m      - waiting 100ms[22m
[2m    57 ├ù waiting for element to be visible, enabled and stable[22m
[2m       - element is not enabled[22m
[2m     - retrying click action[22m
[2m       - waiting 500ms[22m

    at negativeCase (C:\IEPDF\frontend\_regression\split-pdf\_split-browser-runner-enterprise.js:134:63)
    at async caseRun (C:\IEPDF\frontend\_regression\split-pdf\_split-browser-runner-enterprise.js:83:19)
    at async run (C:\IEPDF\frontend\_regression\split-pdf\_split-browser-runner-enterprise.js:168:16) consoleDiagnostics=2
[2026-09-24 16:47:51] FAIL S-08 : EXCEPTION: locator.click: Timeout 30000ms exceeded.
Call log:
[2m  - waiting for getByRole('button', { name: /^Split PDF$/ }).first()[22m
[2m    - locator resolved to <button disabled type="button" class="w-full rounded-lg bg-red-600 px-4 py-2.5 text-sm font-bold text-white shadow-sm transition hover:bg-red-700 disabled:cursor-not-allowed disabled:bg-slate-300 disabled:text-slate-500 disabled:shadow-none">Split PDF</button>[22m
[2m  - attempting click action[22m
[2m    2 ├ù waiting for element to be visible, enabled and stable[22m
[2m      - element is not enabled[22m
[2m    - retrying click action[22m
[2m    - waiting 20ms[22m
[2m    2 ├ù waiting for element to be visible, enabled and stable[22m
[2m      - element is not enabled[22m
[2m    - retrying click action[22m
[2m      - waiting 100ms[22m
[2m    57 ├ù waiting for element to be visible, enabled and stable[22m
[2m       - element is not enabled[22m
[2m     - retrying click action[22m
[2m       - waiting 500ms[22m

    at negativeCase (C:\IEPDF\frontend\_regression\split-pdf\_split-browser-runner-enterprise.js:134:63)
    at async caseRun (C:\IEPDF\frontend\_regression\split-pdf\_split-browser-runner-enterprise.js:83:19)
    at async run (C:\IEPDF\frontend\_regression\split-pdf\_split-browser-runner-enterprise.js:168:16) consoleDiagnostics=2
[2026-09-24 16:47:51] FAIL S-09 : EXCEPTION: locator.click: Timeout 30000ms exceeded.
Call log:
[2m  - waiting for getByRole('button', { name: /^Split PDF$/ }).first()[22m
[2m    - locator resolved to <button disabled type="button" class="w-full rounded-lg bg-red-600 px-4 py-2.5 text-sm font-bold text-white shadow-sm transition hover:bg-red-700 disabled:cursor-not-allowed disabled:bg-slate-300 disabled:text-slate-500 disabled:shadow-none">Split PDF</button>[22m
[2m  - attempting click action[22m
[2m    2 ├ù waiting for element to be visible, enabled and stable[22m
[2m      - element is not enabled[22m
[2m    - retrying click action[22m
[2m    - waiting 20ms[22m
[2m    2 ├ù waiting for element to be visible, enabled and stable[22m
[2m      - element is not enabled[22m
[2m    - retrying click action[22m
[2m      - waiting 100ms[22m
[2m    57 ├ù waiting for element to be visible, enabled and stable[22m
[2m       - element is not enabled[22m
[2m     - retrying click action[22m
[2m       - waiting 500ms[22m

    at C:\IEPDF\frontend\_regression\split-pdf\_split-browser-runner-enterprise.js:181:69
    at async caseRun (C:\IEPDF\frontend\_regression\split-pdf\_split-browser-runner-enterprise.js:83:19)
    at async run (C:\IEPDF\frontend\_regression\split-pdf\_split-browser-runner-enterprise.js:171:14) consoleDiagnostics=2
[2026-09-24 16:47:51] PASS S-10 : Download received in 2105ms. consoleDiagnostics=15
[2026-09-24 16:47:51] PASS S-11 : Download received in 2110ms. consoleDiagnostics=15
[2026-09-24 16:47:51] FAIL S-12 : Above-limit input exposed Split action. consoleDiagnostics=2
[2026-09-24 16:47:51] PASS S-20 : workspaceBefore=1,workspaceAfter=0,download=true. consoleDiagnostics=15
[2026-09-24 16:47:51] PASS S-22 : download=true,successToast=true. consoleDiagnostics=15
[2026-09-24 16:47:51] PASS S-23 : downloaded=true,filename=split_pages.zip. consoleDiagnostics=15
[2026-09-24 16:47:51] FAIL S-24 : loadingSeen=false,download=true. consoleDiagnostics=15
[2026-09-24 16:47:51] FAIL S-25 : splitButtonCount=1 without selected file. consoleDiagnostics=2
[2026-09-24 16:47:51] PASS S-27 : Three sequential split runs completed cleanly. consoleDiagnostics=41
[2026-09-24 16:47:51] PASS DIAG-01 : No browser page errors or console errors were captured.
[2026-09-24 16:47:51] PASS BROWSER : Enterprise browser regression completed; individual case results recorded above.
[2026-09-24 16:47:52] PASS ART-01 : __enterprise-S-01-1790232148616.zip: ZIP entries, page names, PDF headers and one-page structural markers validated.
[2026-09-24 16:47:52] PASS ART-02 : __enterprise-S-01-1790232150900.zip: ZIP entries, page names, PDF headers and one-page structural markers validated.
[2026-09-24 16:47:53] PASS ART-03 : __enterprise-S-02-1790232000160.zip: ZIP entries, page names, PDF headers and one-page structural markers validated.
[2026-09-24 16:47:55] PASS ART-04 : __enterprise-S-03-1790232002237.zip: ZIP entries, page names, PDF headers and one-page structural markers validated.
[2026-09-24 16:47:56] PASS ART-05 : __enterprise-S-03-1790232146264.zip: ZIP entries, page names, PDF headers and one-page structural markers validated.
[2026-09-24 16:47:59] PASS ART-06 : __enterprise-S-04-1790232004124.zip: ZIP entries, page names, PDF headers and one-page structural markers validated.
[2026-09-24 16:48:01] PASS ART-07 : __enterprise-S-05-1790232005973.zip: ZIP entries, page names, PDF headers and one-page structural markers validated.
[2026-09-24 16:48:01] PASS ART-08 : __enterprise-S-10-1790232137693.zip: ZIP entries, page names, PDF headers and one-page structural markers validated.
[2026-09-24 16:48:01] PASS ART-09 : __enterprise-S-11-1790232141967.zip: ZIP entries, page names, PDF headers and one-page structural markers validated.
[2026-09-24 16:48:03] PASS ART-10 : __enterprise-S-24-1790232154516.zip: ZIP entries, page names, PDF headers and one-page structural markers validated.
[2026-09-24 16:48:03] PASS ART-SUMMARY : Validated 10 downloaded ZIP artifact(s).
[2026-09-24 16:48:03] PASS PERF-S02 : S-02 split time 609 ms <= budget 5000 ms.
[2026-09-24 16:48:03] PASS PERF-S03 : S-03 split time 700 ms <= budget 15000 ms.
[2026-09-24 16:48:03] FINAL RESULT | PASS=39 FAIL=8 SKIPPED=1
[2026-09-24 16:48:03] Report: C:\IEPDF\frontend\_regression\split-pdf\split-regression-enterprise-report.txt
[2026-09-24 16:48:03] Log: C:\IEPDF\frontend\_regression\split-pdf\logs\split-regression-enterprise-20260924-120911.log
[2026-09-24 16:48:03] Browser results: C:\IEPDF\frontend\_regression\split-pdf\browser-results-20260924-120911.json
[2026-09-24 16:48:03] ===== iePDF Split PDF Enterprise Regression END =====
