[2026-09-08 14:21:47] ===== iePDF Split PDF Enterprise Regression START =====
[2026-09-08 14:21:47] Parameters | MaxBytes=15728640 SelectionTimeout=15s OperationTimeout=45s BuildTimeout=300s
[2026-09-08 14:21:47] TEST-DATA S-01 S-01-1page.pdf bytes=593
[2026-09-08 14:21:47] TEST-DATA S-02 S-02-2pages.pdf bytes=858
[2026-09-08 14:21:47] TEST-DATA S-03 S-03-5pages.pdf bytes=1665
[2026-09-08 14:21:47] TEST-DATA S-04 S-04-10pages.pdf bytes=3017
[2026-09-08 14:21:47] TEST-DATA S-05 S-05-mixed-pages.pdf bytes=1453
[2026-09-08 14:21:47] TEST-DATA S-06 S-06-corrupted.pdf bytes=62
[2026-09-08 14:21:47] TEST-DATA S-07 S-07-zero-byte.pdf bytes=0
[2026-09-08 14:21:47] TEST-DATA S-08 S-08-renamed-nonpdf.pdf bytes=45
[2026-09-08 14:21:47] TEST-DATA S-09 S-09-protected.pdf bytes=1481
[2026-09-08 14:21:47] TEST-DATA S-10 S-10-under-15MiB.pdf bytes=15728639
[2026-09-08 14:21:47] TEST-DATA S-11 S-11-exact-15MiB.pdf bytes=15728640
[2026-09-08 14:21:47] TEST-DATA S-12 S-12-over-15MiB.pdf bytes=15728641
[2026-09-08 14:21:47] PASS TEST-DATA : All 12 Split regression files exist and boundary sizes match 15728640 bytes.
[2026-09-08 14:21:47] PASS SRC-01 : Split page wires SplitPdfProcessor and toolType split.
[2026-09-08 14:21:47] PASS SRC-02 : Split page has success/error toast handling and loading state.
[2026-09-08 14:21:47] PASS SRC-03 : Processor creates per-page PDFs and split_pages.zip.
[2026-09-08 14:21:47] PASS SRC-04 : Browser PDF loader contains signature and password handling.
[2026-09-08 14:21:47] PASS SRC-05 : BasePdfProcessor uses the canonical ValidationGateway authorization boundary.
[2026-09-08 14:21:47] PASS SRC-06 : ValidationGateway retains fail-closed authorization semantics.
[2026-09-08 14:21:47] SKIPPED SRC-07 : Authoritative MAX_FILE_SIZE_BYTES constant not detectable. [source check non-blocking]
[2026-09-08 14:21:47] SKIPPED SRC-08 : Split page still contains console.warn/console.error. [source check non-blocking]
[2026-09-08 14:21:47] PASS SRC-09 : Split processor does not introduce a second direct Gateway call.
[2026-09-08 14:22:06] PASS BUILD : Frontend production build passed.
[2026-09-08 14:22:07] PASS ENV-01 : Frontend /split-pdf is reachable.
[2026-09-08 14:22:07] PASS ENV-02 : Backend /docs is reachable.
[2026-09-08 14:22:07] PASS ENV-03 : Chrome executable found at C:\Program Files\Google\Chrome\Application\chrome.exe.
[2026-09-08 14:22:07] PASS ENV-04 : Playwright package is installed.
[2026-09-08 14:28:14] FAIL S-01 : No Split button after selecting S-01. body=iePDF Merge PDF Split PDF Compress PDF Split PDF Split a PDF into separate PDF files securely and instantly. Select PDF consoleDiagnostics=4
[2026-09-08 14:28:14] FAIL S-02 : No download after 45009ms. loading=false. body=iePDF Merge PDF Split PDF Compress PDF Split PDF Split a PDF into separate PDF files securely and instantly. Select PDF Selected File S-02-2pages.pdf Split PDF consoleDiagnostics=16
[2026-09-08 14:28:14] FAIL S-03 : No download after 45005ms. loading=false. body=iePDF Merge PDF Split PDF Compress PDF Split PDF Split a PDF into separate PDF files securely and instantly. Select PDF Selected File S-03-5pages.pdf Split PDF consoleDiagnostics=16
[2026-09-08 14:28:14] FAIL S-04 : No download after 45008ms. loading=false. body=iePDF Merge PDF Split PDF Compress PDF Split PDF Split a PDF into separate PDF files securely and instantly. Select PDF Selected File S-04-10pages.pdf Split PDF consoleDiagnostics=16
[2026-09-08 14:28:14] FAIL S-05 : No download after 45016ms. loading=false. body=iePDF Merge PDF Split PDF Compress PDF Split PDF Split a PDF into separate PDF files securely and instantly. Select PDF Selected File S-05-mixed-pages.pdf Split PDF consoleDiagnostics=16
[2026-09-08 14:28:14] PASS S-06 : buttonCount=1,noDownload=true,failureFeedback=true. consoleDiagnostics=16
[2026-09-08 14:28:14] PASS S-07 : buttonCount=1,noDownload=true,failureFeedback=true. consoleDiagnostics=13
[2026-09-08 14:28:14] PASS S-08 : buttonCount=1,noDownload=true,failureFeedback=true. consoleDiagnostics=13
[2026-09-08 14:28:14] PASS S-09 : buttonCount=1,passwordHint=true,noDownload=true. consoleDiagnostics=15
[2026-09-08 14:28:14] PASS S-10 : Download received in 2634ms. consoleDiagnostics=15
[2026-09-08 14:28:14] PASS S-11 : Download received in 2614ms. consoleDiagnostics=15
[2026-09-08 14:28:14] FAIL S-12 : Above-limit input exposed Split action. consoleDiagnostics=2
[2026-09-08 14:28:14] FAIL S-20 : workspaceBefore=1,workspaceAfter=1,download=false. consoleDiagnostics=16
[2026-09-08 14:28:14] PASS S-22 : download=true,successToast=true. consoleDiagnostics=15
[2026-09-08 14:28:14] PASS S-23 : downloaded=true,filename=split_pages.zip. consoleDiagnostics=15
[2026-09-08 14:28:14] FAIL S-24 : loadingSeen=true,download=false. consoleDiagnostics=16
[2026-09-08 14:28:14] PASS S-25 : splitButtonCount=0 without selected file. consoleDiagnostics=2
[2026-09-08 14:28:14] FAIL S-27 : S-02:no-download consoleDiagnostics=29
[2026-09-08 14:28:14] PASS DIAG-01 : No browser page errors or console errors were captured.
[2026-09-08 14:28:14] PASS BROWSER : Enterprise browser regression completed; individual case results recorded above.
[2026-09-08 14:28:15] FAIL ART-01 : __enterprise-S-01-1788857797266.zip: Entry page_1.pdf structural page marker count=0; expected 1.
[2026-09-08 14:28:15] FAIL ART-02 : __enterprise-S-01-1788857799709.zip: Entry page_1.pdf structural page marker count=0; expected 1.
[2026-09-08 14:28:15] FAIL ART-03 : __enterprise-S-10-1788857741010.zip: Entry page_1.pdf structural page marker count=0; expected 1.
[2026-09-08 14:28:15] FAIL ART-04 : __enterprise-S-11-1788857745914.zip: Entry page_1.pdf structural page marker count=0; expected 1.
[2026-09-08 14:28:15] PASS ART-SUMMARY : Validated 4 downloaded ZIP artifact(s).
[2026-09-08 14:28:15] FAIL PERF-S02 : S-02 split time 45009 ms exceeded budget 5000 ms.
[2026-09-08 14:28:15] FAIL PERF-S03 : S-03 split time 45005 ms exceeded budget 15000 ms.
[2026-09-08 14:28:15] FINAL RESULT | PASS=25 FAIL=15 SKIPPED=2
[2026-09-08 14:28:15] Report: C:\IEPDF\frontend\_regression\split-pdf\split-regression-enterprise-report.txt
[2026-09-08 14:28:15] Log: C:\IEPDF\frontend\_regression\split-pdf\logs\split-regression-enterprise-20260908-142147.log
[2026-09-08 14:28:15] Browser results: C:\IEPDF\frontend\_regression\split-pdf\browser-results-20260908-142147.json
[2026-09-08 14:28:15] ===== iePDF Split PDF Enterprise Regression END =====
