[2026-09-10 09:18:07] ===== iePDF Split PDF Enterprise Regression START =====
[2026-09-10 09:18:07] Parameters | MaxBytes=15728640 SelectionTimeout=15s OperationTimeout=45s BuildTimeout=300s
[2026-09-10 09:18:08] TEST-DATA S-01 S-01-1page.pdf bytes=593
[2026-09-10 09:18:08] TEST-DATA S-02 S-02-2pages.pdf bytes=858
[2026-09-10 09:18:08] TEST-DATA S-03 S-03-5pages.pdf bytes=1668
[2026-09-10 09:18:08] TEST-DATA S-04 S-04-10pages.pdf bytes=3020
[2026-09-10 09:18:08] TEST-DATA S-05 S-05-mixed-pages.pdf bytes=1456
[2026-09-10 09:18:08] TEST-DATA S-06 S-06-corrupted.pdf bytes=62
[2026-09-10 09:18:08] TEST-DATA S-07 S-07-zero-byte.pdf bytes=0
[2026-09-10 09:18:08] TEST-DATA S-08 S-08-renamed-nonpdf.pdf bytes=45
[2026-09-10 09:18:08] TEST-DATA S-09 S-09-protected.pdf bytes=1344
[2026-09-10 09:18:08] TEST-DATA S-10 S-10-under-15MiB.pdf bytes=15728639
[2026-09-10 09:18:08] TEST-DATA S-11 S-11-exact-15MiB.pdf bytes=15728640
[2026-09-10 09:18:08] TEST-DATA S-12 S-12-over-15MiB.pdf bytes=15728641
[2026-09-10 09:18:08] PASS TEST-DATA : All 12 Split regression files exist and boundary sizes match 15728640 bytes.
[2026-09-10 09:18:08] PASS SRC-01 : Split page wires SplitPdfProcessor and toolType split.
[2026-09-10 09:18:08] PASS SRC-02 : Split page has success/error toast handling and loading state.
[2026-09-10 09:18:08] PASS SRC-03 : Processor creates per-page PDFs and split_pages.zip.
[2026-09-10 09:18:08] PASS SRC-04 : Browser PDF loader contains signature and password handling.
[2026-09-10 09:18:08] PASS SRC-05 : BasePdfProcessor uses the canonical ValidationGateway authorization boundary.
[2026-09-10 09:18:08] PASS SRC-06 : ValidationGateway retains fail-closed authorization semantics.
[2026-09-10 09:18:08] PASS SRC-07 : Authoritative 15 MiB validation constant exists.
[2026-09-10 09:18:08] PASS SRC-08 : Split page has no direct console.warn/console.error user-failure logging.
[2026-09-10 09:18:08] PASS SRC-09 : Split processor does not introduce a second direct Gateway call.
[2026-09-10 09:18:27] PASS BUILD : Frontend production build passed.
[2026-09-10 09:18:35] FAIL SUITE : Frontend /split-pdf is not reachable at http://127.0.0.1:3000
[2026-09-10 09:18:35] FATAL: Frontend /split-pdf is not reachable at http://127.0.0.1:3000
[2026-09-10 09:18:35] FINAL RESULT | PASS=11 FAIL=1 SKIPPED=0
[2026-09-10 09:18:35] Report: C:\IEPDF\frontend\_regression\split-pdf\split-regression-enterprise-report.txt
[2026-09-10 09:18:35] Log: C:\IEPDF\frontend\_regression\split-pdf\logs\split-regression-enterprise-20260910-091807.log
[2026-09-10 09:18:35] Browser results: C:\IEPDF\frontend\_regression\split-pdf\browser-results-20260910-091807.json
[2026-09-10 09:18:35] ===== iePDF Split PDF Enterprise Regression END =====
