[2026-09-08 13:50:15] ===== iePDF Split PDF Enterprise Regression START =====
[2026-09-08 13:50:15] Parameters | MaxBytes=15728640 SelectionTimeout=15s OperationTimeout=45s BuildTimeout=300s
[2026-09-08 13:50:15] TEST-DATA S-01 S-01-1page.pdf bytes=593
[2026-09-08 13:50:15] TEST-DATA S-02 S-02-2pages.pdf bytes=858
[2026-09-08 13:50:15] TEST-DATA S-03 S-03-5pages.pdf bytes=1665
[2026-09-08 13:50:15] TEST-DATA S-04 S-04-10pages.pdf bytes=3017
[2026-09-08 13:50:15] TEST-DATA S-05 S-05-mixed-pages.pdf bytes=1453
[2026-09-08 13:50:15] TEST-DATA S-06 S-06-corrupted.pdf bytes=62
[2026-09-08 13:50:15] TEST-DATA S-07 S-07-zero-byte.pdf bytes=0
[2026-09-08 13:50:15] TEST-DATA S-08 S-08-renamed-nonpdf.pdf bytes=45
[2026-09-08 13:50:15] TEST-DATA S-09 S-09-protected.pdf bytes=1481
[2026-09-08 13:50:15] TEST-DATA S-10 S-10-under-15MiB.pdf bytes=15728639
[2026-09-08 13:50:15] TEST-DATA S-11 S-11-exact-15MiB.pdf bytes=15728640
[2026-09-08 13:50:15] TEST-DATA S-12 S-12-over-15MiB.pdf bytes=15728641
[2026-09-08 13:50:15] PASS TEST-DATA : All 12 Split regression files exist and boundary sizes match 15728640 bytes.
[2026-09-08 13:50:15] PASS SRC-01 : Split page wires SplitPdfProcessor and toolType split.
[2026-09-08 13:50:15] PASS SRC-02 : Split page has success/error toast handling and loading state.
[2026-09-08 13:50:15] PASS SRC-03 : Processor creates per-page PDFs and split_pages.zip.
[2026-09-08 13:50:15] PASS SRC-04 : Browser PDF loader contains signature and password handling.
[2026-09-08 13:50:15] PASS SRC-05 : BasePdfProcessor uses the canonical ValidationGateway authorization boundary.
[2026-09-08 13:50:15] PASS SRC-06 : ValidationGateway retains fail-closed authorization semantics.
[2026-09-08 13:50:15] SKIPPED SRC-07 : Authoritative MAX_FILE_SIZE_BYTES constant not detectable. [source check non-blocking]
[2026-09-08 13:50:15] SKIPPED SRC-08 : Split page still contains console.warn/console.error. [source check non-blocking]
[2026-09-08 13:50:15] PASS SRC-09 : Split processor does not introduce a second direct Gateway call.
[2026-09-08 13:50:35] PASS BUILD : Frontend production build passed.
[2026-09-08 13:50:35] PASS ENV-01 : Frontend /split-pdf is reachable.
[2026-09-08 13:50:35] PASS ENV-02 : Backend /docs is reachable.
[2026-09-08 13:50:35] PASS ENV-03 : Chrome executable found at C:\Program Files\Google\Chrome\Application\chrome.exe.
[2026-09-08 13:50:35] PASS ENV-04 : Playwright package is installed.
[2026-09-08 13:52:59] FAIL SUITE : BROWSER_FATAL browser.newContext: Target page, context or browser has been closed
[2026-09-08 13:52:59] FATAL: BROWSER_FATAL browser.newContext: Target page, context or browser has been closed
[2026-09-08 13:53:00] FINAL RESULT | PASS=13 FAIL=1 SKIPPED=2
[2026-09-08 13:53:00] Report: C:\IEPDF\frontend\_regression\split-pdf\split-regression-enterprise-report.txt
[2026-09-08 13:53:00] Log: C:\IEPDF\frontend\_regression\split-pdf\logs\split-regression-enterprise-20260908-135015.log
[2026-09-08 13:53:00] Browser results: C:\IEPDF\frontend\_regression\split-pdf\browser-results-20260908-135015.json
[2026-09-08 13:53:00] ===== iePDF Split PDF Enterprise Regression END =====
